// Vitest Snapshot v1, https://vitest.dev/guide/snapshot.html

exports[`<Legend /> > content as a React Component > should pass parameters to the Component 1`] = `
{
  "align": "center",
  "chartHeight": 300,
  "chartWidth": 600,
  "content": [Function],
  "iconSize": 14,
  "layout": "horizontal",
  "margin": {
    "bottom": 5,
    "left": 20,
    "right": 30,
    "top": 5,
  },
  "onBBoxUpdate": [Function],
  "payload": [
    {
      "color": "#8884d8",
      "dataKey": "pv",
      "inactive": false,
      "payload": {
        "activeDot": {
          "r": 8,
        },
        "animateNewValues": true,
        "animationBegin": 0,
        "animationDuration": 1500,
        "animationEasing": "ease",
        "connectNulls": false,
        "dataKey": "pv",
        "dot": true,
        "fill": "#fff",
        "hide": false,
        "isAnimationActive": true,
        "label": false,
        "legendType": "line",
        "points": [],
        "stroke": "#8884d8",
        "strokeDasharray": "5 5",
        "strokeWidth": 1,
        "type": "monotone",
        "xAxisId": 0,
        "yAxisId": 0,
      },
      "type": "line",
      "value": "pv",
    },
    {
      "color": "#82ca9d",
      "dataKey": "uv",
      "inactive": false,
      "payload": {
        "activeDot": true,
        "animateNewValues": true,
        "animationBegin": 0,
        "animationDuration": 1500,
        "animationEasing": "ease",
        "connectNulls": false,
        "dataKey": "uv",
        "dot": true,
        "fill": "#fff",
        "hide": false,
        "isAnimationActive": true,
        "label": false,
        "legendType": "line",
        "points": [],
        "stroke": "#82ca9d",
        "strokeWidth": 1,
        "type": "monotone",
        "xAxisId": 0,
        "yAxisId": 0,
      },
      "type": "line",
      "value": "uv",
    },
  ],
  "verticalAlign": "bottom",
  "width": 550,
}
`;

exports[`<Legend /> > content as a function > should pass parameters to the function 1`] = `
{
  "align": "center",
  "chartHeight": 300,
  "chartWidth": 600,
  "content": [Function],
  "iconSize": 14,
  "layout": "horizontal",
  "margin": {
    "bottom": 5,
    "left": 20,
    "right": 30,
    "top": 5,
  },
  "onBBoxUpdate": [Function],
  "payload": [
    {
      "color": "#8884d8",
      "dataKey": "pv",
      "inactive": false,
      "payload": {
        "activeDot": {
          "r": 8,
        },
        "animateNewValues": true,
        "animationBegin": 0,
        "animationDuration": 1500,
        "animationEasing": "ease",
        "connectNulls": false,
        "dataKey": "pv",
        "dot": true,
        "fill": "#fff",
        "hide": false,
        "isAnimationActive": true,
        "label": false,
        "legendType": "line",
        "points": [],
        "stroke": "#8884d8",
        "strokeDasharray": "5 5",
        "strokeWidth": 1,
        "type": "monotone",
        "xAxisId": 0,
        "yAxisId": 0,
      },
      "type": "line",
      "value": "pv",
    },
    {
      "color": "#82ca9d",
      "dataKey": "uv",
      "inactive": false,
      "payload": {
        "activeDot": true,
        "animateNewValues": true,
        "animationBegin": 0,
        "animationDuration": 1500,
        "animationEasing": "ease",
        "connectNulls": false,
        "dataKey": "uv",
        "dot": true,
        "fill": "#fff",
        "hide": false,
        "isAnimationActive": true,
        "label": false,
        "legendType": "line",
        "points": [],
        "stroke": "#82ca9d",
        "strokeWidth": 1,
        "type": "monotone",
        "xAxisId": 0,
        "yAxisId": 0,
      },
      "type": "line",
      "value": "uv",
    },
  ],
  "verticalAlign": "bottom",
  "width": 550,
}
`;
